04:17:20 S0 创建栈
04:18:59 S0: version 1 读=v1-data Authorization 转发=true 首次调用 4340 ms，部署 84657 ms
04:19:03 S1 参数不变重复部署：部署 {}
04:19:28 S1: exit=0 noChanges=true stack=CREATE_COMPLETE version 1→1 [1] 立即读="v1-data"(同 VM=true, MARK=1) 重启后读="v1-data"(MARK=1, rev=r1) wiped=false
04:19:32 S2 只 StopRuntimeSession（对照：同版本下恢复 session storage）：部署 {}
04:19:57 S2: exit=0 noChanges=true stack=CREATE_COMPLETE version 1→1 [1] 立即读="v1-data"(同 VM=true, MARK=1) 重启后读="v1-data"(MARK=1, rev=r1) wiped=false
04:20:01 S3 只改标签（Tags.rev）：部署 {"tagv":"b"}
04:20:56 S3: exit=0 noChanges=false stack=UPDATE_COMPLETE version 1→2 [1,2] 立即读="v1-data"(同 VM=true, MARK=1) 重启后读="v1-data"(MARK=1, rev=r1) wiped=false
04:21:01 S4 只改 Description：部署 {"desc":"spike08 probe v2"}
04:21:55 S4: exit=0 noChanges=false stack=UPDATE_COMPLETE version 2→3 [1,2,3] 立即读="v1-data"(同 VM=true, MARK=1) 重启后读="v1-data"(MARK=1, rev=r1) wiped=false
04:21:59 S5 只改环境变量（MARK=2）：部署 {"mark":"2"}
04:22:54 S5: exit=0 noChanges=false stack=UPDATE_COMPLETE version 3→4 [1,2,3,4] 立即读="v1-data"(同 VM=true, MARK=1) 重启后读="v1-data"(MARK=1, rev=r1) wiped=false
04:22:58 S6 只改 lifecycleConfiguration.idleRuntimeSessionTimeout（900→901）：部署 {"idle":"901"}
04:23:52 S6: exit=0 noChanges=false stack=UPDATE_COMPLETE version 4→5 [1,2,3,4,5] 立即读="v1-data"(同 VM=true, MARK=1) 重启后读="v1-data"(MARK=1, rev=r1) wiped=false
04:23:56 S7 只改代码包内容（CODE_REV r1→r2）：部署 {}
04:24:49 S7: exit=0 noChanges=false stack=UPDATE_COMPLETE version 5→6 [1,2,3,4,5,6] 立即读="v1-data"(同 VM=true, MARK=1) 重启后读="v1-data"(MARK=1, rev=r1) wiped=false
04:24:53 S8 更新时失败，默认回滚（MARK=3 + 必然失败的资源）：部署 {"mark":"3","fail":"bucket"}
04:25:27 S8: exit=1 noChanges=false stack=UPDATE_COMPLETE version 6→6 [1,2,3,4,5,6] 立即读="v1-data"(同 VM=true, MARK=1) 重启后读="v1-data"(MARK=1, rev=r1) wiped=false
04:25:32 S9a 更新时失败，--no-rollback（MARK=4 + 必然失败的资源）：部署 {"mark":"4","fail":"bucket"} --no-rollback
04:26:07 S9a: exit=1 noChanges=false stack=UPDATE_COMPLETE version 6→6 [1,2,3,4,5,6] 立即读="v1-data"(同 VM=true, MARK=1) 重启后读="v1-data"(MARK=1, rev=r1) wiped=false
04:26:11 S9b 从 UPDATE_FAILED 恢复：去掉失败资源再部署：部署 {"fail":""}
04:27:06 S9b: exit=0 noChanges=false stack=UPDATE_COMPLETE version 6→7 [1,2,3,4,5,6,7] 立即读="v1-data"(同 VM=true, MARK=1) 重启后读="v1-data"(MARK=1, rev=r1) wiped=false
04:27:06 S10 创建时失败（新栈 + 必然失败的资源，--no-rollback）
04:27:31 S10: exit=1 stack=REVIEW_IN_PROGRESS 资源=
04:27:46 done
EXIT 0
